
> frontend@0.0.0 build
> vite build

[36mvite v8.0.8 [32mbuilding client environment for production...[36m[39m
[2K
transforming...✓ 1739 modules transformed.
npm : [31m✗[39m 
Build failed in 1.75s
At line:1 char:1
+ npm run build > 
build_output.txt 2>&1
+ ~~~~~~~~~~~~~~~~~~~~~
~~~~~~~~~~~~~~~~
    + CategoryInfo     
         : NotSpecifi  
  ed: ([31m✗[39m B   
 uild failed in 1.7    
5s:String) [], Rem    
oteException
    + FullyQualifiedEr 
   rorId : NativeComm  
  andError
 
[31merror during 
build:
[31mBuild failed with 
1 error:

[31m[builtin:vite-tran
sform] Error:[0m 
Expected `,` or `)` 
but found `{`
     [38;5;246m╭[0m[
38;5;246m─[0m[38;5;24
6m[[0m src/components/
Login.jsx:200:7 
[38;5;246m][0m
     [38;5;246m│[0m
 [38;5;246m 12 │[0m 
[38;5;249m 
[0m[38;5;249m [0m[3
8;5;249mr[0m[38;5;249
me[0m[38;5;249mt[0m
[38;5;249mu[0m[38;5;2
49mr[0m[38;5;249mn[0
m[38;5;249m [0m(
 [38;5;240m    │[0m  
        ┬  
 [38;5;240m    │[0m  
        ╰── Opened here
 [38;5;240m    │[0m 
 [38;5;246m200 │[0m 
[38;5;249m 
[0m[38;5;249m 
[0m[38;5;249m 
[0m[38;5;249m 
[0m[38;5;249m 
[0m[38;5;249m [0m{[
38;5;249m/[0m[38;5;24
9m*[0m[38;5;249m [0m
[38;5;249mV[0m[38;5;
249mi[0m[38;5;249ms[
0m[38;5;249mu[0m[38;
5;249ma[0m[38;5;249ml
[0m[38;5;249m [0m[3
8;5;249mP[0m[38;5;249
mr[0m[38;5;249me[0m
[38;5;249ms[0m[38;5;2
49me[0m[38;5;249mn[0
m[38;5;249mt[0m[38;5
;249ma[0m[38;5;249mt
[0m[38;5;249mi[0m[38
;5;249mo[0m[38;5;249m
n[0m[38;5;249m [0m[
38;5;249mS[0m[38;5;24
9mi[0m[38;5;249md[0m
[38;5;249me[0m[38;5;
249m [0m[38;5;249m*[
0m[38;5;249m/[0m[38;
5;249m}[0m
 [38;5;240m    │[0m  
     ┬  
 [38;5;240m    │[0m  
     ╰── `,` or `)` 
expected
[38;5;246m─────╯[0m
[31m
    at aggregateBinding
ErrorsIntoJsError (file
:///C:/Users/Lenovo/Doc
uments/GitHub/QTokenizr
/frontend/node_modules/
rolldown/dist/shared/er
ror-w0u7biK-.mjs:48:18)
    at 
unwrapBindingResult (fi
le:///C:/Users/Lenovo/D
ocuments/GitHub/QTokeni
zr/frontend/node_module
s/rolldown/dist/shared/
error-w0u7biK-.mjs:18:1
28)
    at #build (file:///
C:/Users/Lenovo/Documen
ts/GitHub/QTokenizr/fro
ntend/node_modules/roll
down/dist/shared/rolldo
wn-build-DtGk-m96.mjs:3
313:34)
    at async 
buildEnvironment (file:
///C:/Users/Lenovo/Docu
ments/GitHub/QTokenizr/
frontend/node_modules/v
ite/dist/node/chunks/no
de.js:32954:64)
    at async 
Object.build (file:///C
:/Users/Lenovo/Document
s/GitHub/QTokenizr/fron
tend/node_modules/vite/
dist/node/chunks/node.j
s:33376:19)
    at async 
Object.buildApp (file:/
//C:/Users/Lenovo/Docum
ents/GitHub/QTokenizr/f
rontend/node_modules/vi
te/dist/node/chunks/nod
e.js:33373:153)
    at async 
CAC.<anonymous> (file:/
//C:/Users/Lenovo/Docum
ents/GitHub/QTokenizr/f
rontend/node_modules/vi
te/dist/node/cli.js:778
:3) {
  errors: 
[Getter/Setter]
}[39m
